=== 测试修复后的工作流执行 ===

1. 创建测试用户...
用户创建响应状态: 201
[OK] 用户创建成功: 2691f813-bfeb-4f2f-b74a-8076eca2728d

1.5. 用户登录获取认证token...
登录响应状态: 200
[OK] 登录成功，获得token

2. 创建测试工作流...
工作流创建响应状态: 201
[OK] 工作流创建成功: c390ae8f-2a5d-4d00-9823-4f7a981f757c

3. 创建节点...
开始节点创建响应状态: 201
[OK] 开始节点创建成功: fdf5b330-c7ce-436e-aeef-edf6dc28095a
处理节点创建响应状态: 201
[OK] 处理节点创建成功: fcc6241a-e017-4eec-aac7-d378e3a6fc57
结束节点创建响应状态: 201
[OK] 结束节点创建成功: 10101832-5d0d-4a9c-a593-268cb93cb839

4. 创建节点连接...
连接1创建响应状态: 201
[OK] 连接1创建成功: 开始 -> 处理
连接2创建响应状态: 201
[OK] 连接2创建成功: 处理 -> 结束

5. 执行工作流...
工作流执行响应状态: 400
响应内容: {"success":false,"error_code":"HTTP_ERROR","message":"执行工作流失败: 没有找到START节点或准备执行的节点","details":{}}
[ERROR] 工作流执行失败: {"success":false,"error_code":"HTTP_ERROR","message":"执行工作流失败: 没有找到START节点或准备执行的节点","details":{}}

[FAILED] 测试失败，需要进一步调试。
